,All,Hard,Soft
"Total number of dependencies",0,0,0
