Helper,Helper
Model,Model
"Module template","Module template"
"Theme template","Theme template"
"Model unused","Model unused"
"Theme template unused","Theme template unused"
"Module js","Module js"
"Lib js","Lib js"
"Lib js unused","Lib js unused"
"Module layout label","Module layout label"
"Module layout title","Module layout title"
"Theme layout label","Theme layout label"
"Theme layout title","Theme layout title"
