array(0) {
}
array(1) {
  [0]=>
  string(17) "dd_library_loader"
}