Helper,Helper
Model,Model
"Module template","Module template"
"Module js","Module js"
"Module layout label","Module layout label"
"Module layout title","Module layout title"
