<!--
/**
 * Copyright Â© Magento, Inc. All rights reserved.
 * See COPYING.txt for license details.
 */
-->
<!DOCTYPE HTML PUBLIC "-//W3C//DTD HTML 4.01 Transitional//EN"
        "http://www.w3.org/TR/html4/loose.dtd">
<html>
<head>
    <title>shown_0</title><span class="translate-inline-title" data-translate="[{&quot;shown&quot;:&quot;shown_0&quot;,&quot;translated&quot;:&quot;translated_0&quot;,&quot;original&quot;:&quot;original_0&quot;,&quot;location&quot;:&quot;Page title&quot;,&quot;scope&quot;:&quot;scope_0&quot;}]">TITLE</span>
</head>
<body>
    <div data-translate="[{&quot;shown&quot;:&quot;shown_1&quot;,&quot;translated&quot;:&quot;translated_1&quot;,&quot;original&quot;:&quot;original_1&quot;,&quot;location&quot;:&quot;Tag attribute (ALT, TITLE, etc.)&quot;,&quot;scope&quot;:&quot;scope_1&quot;}]"title="some_title_shown_1_in_div">
    some_text_<span data-translate="[{&quot;shown&quot;:&quot;shown_2&quot;,&quot;translated&quot;:&quot;translated_2&quot;,&quot;original&quot;:&quot;original_2&quot;,&quot;location&quot;:&quot;Text&quot;,&quot;scope&quot;:&quot;scope_2&quot;}]">shown_2</span>_in_div
    </div>
<script type="text/javascript" src="http://localhost/pub/static/frontend/Magento/luma/en_US/prototype/window.js"></script>
<link rel="stylesheet" type="text/css" href="http://localhost/pub/static/frontend/Magento/luma/en_US/prototype/windows/themes/default.css"/>
<link rel="stylesheet" type="text/css" href="http://localhost/pub/media/theme/static/frontend/{{design_package}}/default/en_US/Magento_Theme/prototype/magento.css"/>
<script type="text/javascript" src="http://localhost/pub/static/frontend/Magento/luma/en_US/mage/edit-trigger.js"></script>
<script type="text/javascript" src="http://localhost/pub/static/frontend/Magento/luma/en_US/mage/translate-inline.js"></script>
<link rel="stylesheet" type="text/css" href="http://localhost/pub/static/frontend/Magento/luma/en_US/mage/translate-inline.css"/>

<script type="text/javascript">
    (function($){
        $(document).ready(function() {
            $(this).translateInline({
                ajaxUrl: 'http://localhost/index.php/translation/ajax/index/',
                area: 'frontend',
                editTrigger: {img: 'http://localhost/pub/media/theme/static/frontend/{{design_package}}/default/en_US/Magento_Theme/fam_book_open.png'}
            });
        });
    })(jQuery);
</script>
</body>
</html>
