,All,Hard,Soft
"Total number of dependencies",3,2,1

"Dependencies for each module:",All,Hard,Soft
magento/module-module1,2,1,1
" -- magento/module-module2",,1,0
" -- magento/module-backend",,0,1

magento/module-module2,1,1,0
" -- magento/module-module3",,1,0
