"Circular dependencies:","Total number of chains"
,0
