"Theme template","Theme template"
"Theme layout label","Theme layout label"
"Theme layout title","Theme layout title"
