<?xml version="1.0" encoding="UTF-8"?>
<!--
/**
 * Copyright Â© Magento, Inc. All rights reserved.
 * See COPYING.txt for license details.
 */
-->
<form xmlns:xsi="http://www.w3.org/2001/XMLSchema-instance" xsi:noNamespaceSchemaLocation="urn:magento:module:Magento_Ui:etc/ui_configuration.xsd">
    <argument name="data" xsi:type="array" type="array">
        <item name="buttons" xsi:type="array">
            <item name="save" xsi:type="string">Magento\Catalog\Block\Adminhtml\Product\Edit\Button\CreateCategory</item>
        </item>
        <item name="js_config" xsi:type="array">
            <item name="provider" xsi:type="string">new_category_form.new_category_form_data_source</item>
        </item>
    </argument>
</form>
